<?php

namespace Foo;

use Bar\Foo;
use Lol\Cat;
class Test
{
    /**
     * does_things
     *
     * @param \Bar\Foo $foo
     * @param array $lol
     * @param \Lol\Cat $cat
     */
    public function does_things($foo, array $lol, $cat)
    {
    }
}