<?php

namespace Foo;

class Test
{
    public function does_things($foo, $cat)
    {
    }
}