<?php

namespace Foo;

use Bar;
use Lol;
class Test
{
    /**
     * it_does_things
     *
     * @param \Bar\Foo $foo
     * @param \Lol\Cat $cat
     */
    public function it_does_things($foo, $cat)
    {
    }
}